// Jest Snapshot v1, https://goo.gl/fbAQLP

exports[`WrapperNotFound Снапшот для страницы not found 1`] = `
<div
  className="MuiPaper-root makeStyles-root-1 MuiPaper-elevation1 MuiPaper-rounded"
>
  <div
    className="MuiGrid-root makeStyles-grid-2 MuiGrid-item MuiGrid-grid-xs-12 MuiGrid-grid-md-12"
  >
    <h5
      className="MuiTypography-root MuiTypography-h5 MuiTypography-alignCenter"
    >
      Unfortunately, the game has not been found for you
    </h5>
    <a
      aria-disabled={false}
      className="MuiButtonBase-root MuiButton-root MuiButton-text MuiButton-textPrimary"
      href="/"
      onBlur={[Function]}
      onDragLeave={[Function]}
      onFocus={[Function]}
      onKeyDown={[Function]}
      onKeyUp={[Function]}
      onMouseDown={[Function]}
      onMouseLeave={[Function]}
      onMouseUp={[Function]}
      onTouchEnd={[Function]}
      onTouchMove={[Function]}
      onTouchStart={[Function]}
      style={
        Object {
          "textDecoration": "underline",
        }
      }
      tabIndex={0}
    >
      <span
        className="MuiButton-label"
      >
        go to main
      </span>
    </a>
  </div>
</div>
`;
